// Jest Snapshot v1, https://goo.gl/fbAQLP

exports[`should match snapshot 1`] = `
Object {
  "asFragment": [Function],
  "baseElement": <body>
    <div>
      <div
        class="App"
      >
        <div
          class="content"
        >
          <div
            class="content__inner"
          >
            <section>
              <h1
                class="intro intro--wave"
              >
                Hi, I'm Vladimir
                <span
                  class="background-line"
                />
              </h1>
              <br />
              <h1
                class="intro intro--pulse"
              >
                I
                <span
                  aria-label="heart"
                  class="emoji"
                  role="img"
                >
                  ❤️
                </span>
                Web
                <span
                  class="background-line"
                />
              </h1>
            </section>
            <section
              class="about"
            >
              I’m a
               
              <span
                class="tooltip"
                data-wenk="An organism that converts  ☕  into code."
              >
                javascript developer
              </span>
               
              with strong comp. sci. background. Passionate about code quality, best practices, security, performance, and everything web related.
              <br />
               (p.s. I’m huge javascript enthusiast)
            </section>
            <section
              class="contact"
            >
              <div
                class="item"
              >
                <span
                  class="emoji"
                >
                  👨‍💻
                </span>
                <a
                  class="value"
                  data-wenk="👈  Where I work"
                  data-wenk-pos="right"
                  href="https://www.linkedin.com/in/vsimonovski/"
                >
                  @Hooloovoo
                </a>
              </div>
              <div
                class="item"
              >
                <span
                  class="emoji"
                >
                  💻
                </span>
                <a
                  class="value"
                  data-wenk="👈  Check out my GitHub"
                  data-wenk-pos="right"
                  href="https://github.com/vsimonovski"
                >
                  @vsimonovski
                </a>
              </div>
              <div
                class="item"
              >
                <span
                  class="emoji"
                >
                  🗒️
                </span>
                <a
                  class="value"
                  data-wenk="👈  Sometimes I like to write about code"
                  data-wenk-pos="right"
                  href="http://blog.vsimonovski.me/"
                >
                  @blog.vsimonovski
                </a>
              </div>
              <div
                class="item"
              >
                <span
                  class="emoji"
                >
                  💌
                </span>
                <a
                  class="value"
                  href="mailto:vsimonovski@outlook.com"
                >
                  Contact me?
                </a>
              </div>
            </section>
          </div>
        </div>
      </div>
    </div>
  </body>,
  "container": <div>
    <div
      class="App"
    >
      <div
        class="content"
      >
        <div
          class="content__inner"
        >
          <section>
            <h1
              class="intro intro--wave"
            >
              Hi, I'm Vladimir
              <span
                class="background-line"
              />
            </h1>
            <br />
            <h1
              class="intro intro--pulse"
            >
              I
              <span
                aria-label="heart"
                class="emoji"
                role="img"
              >
                ❤️
              </span>
              Web
              <span
                class="background-line"
              />
            </h1>
          </section>
          <section
            class="about"
          >
            I’m a
             
            <span
              class="tooltip"
              data-wenk="An organism that converts  ☕  into code."
            >
              javascript developer
            </span>
             
            with strong comp. sci. background. Passionate about code quality, best practices, security, performance, and everything web related.
            <br />
             (p.s. I’m huge javascript enthusiast)
          </section>
          <section
            class="contact"
          >
            <div
              class="item"
            >
              <span
                class="emoji"
              >
                👨‍💻
              </span>
              <a
                class="value"
                data-wenk="👈  Where I work"
                data-wenk-pos="right"
                href="https://www.linkedin.com/in/vsimonovski/"
              >
                @Hooloovoo
              </a>
            </div>
            <div
              class="item"
            >
              <span
                class="emoji"
              >
                💻
              </span>
              <a
                class="value"
                data-wenk="👈  Check out my GitHub"
                data-wenk-pos="right"
                href="https://github.com/vsimonovski"
              >
                @vsimonovski
              </a>
            </div>
            <div
              class="item"
            >
              <span
                class="emoji"
              >
                🗒️
              </span>
              <a
                class="value"
                data-wenk="👈  Sometimes I like to write about code"
                data-wenk-pos="right"
                href="http://blog.vsimonovski.me/"
              >
                @blog.vsimonovski
              </a>
            </div>
            <div
              class="item"
            >
              <span
                class="emoji"
              >
                💌
              </span>
              <a
                class="value"
                href="mailto:vsimonovski@outlook.com"
              >
                Contact me?
              </a>
            </div>
          </section>
        </div>
      </div>
    </div>
  </div>,
  "debug": [Function],
  "findAllByAltText": [Function],
  "findAllByDisplayValue": [Function],
  "findAllByLabelText": [Function],
  "findAllByPlaceholderText": [Function],
  "findAllByRole": [Function],
  "findAllByTestId": [Function],
  "findAllByText": [Function],
  "findAllByTitle": [Function],
  "findByAltText": [Function],
  "findByDisplayValue": [Function],
  "findByLabelText": [Function],
  "findByPlaceholderText": [Function],
  "findByRole": [Function],
  "findByTestId": [Function],
  "findByText": [Function],
  "findByTitle": [Function],
  "getAllByAltText": [Function],
  "getAllByDisplayValue": [Function],
  "getAllByLabelText": [Function],
  "getAllByPlaceholderText": [Function],
  "getAllByRole": [Function],
  "getAllByTestId": [Function],
  "getAllByText": [Function],
  "getAllByTitle": [Function],
  "getByAltText": [Function],
  "getByDisplayValue": [Function],
  "getByLabelText": [Function],
  "getByPlaceholderText": [Function],
  "getByRole": [Function],
  "getByTestId": [Function],
  "getByText": [Function],
  "getByTitle": [Function],
  "queryAllByAltText": [Function],
  "queryAllByDisplayValue": [Function],
  "queryAllByLabelText": [Function],
  "queryAllByPlaceholderText": [Function],
  "queryAllByRole": [Function],
  "queryAllByTestId": [Function],
  "queryAllByText": [Function],
  "queryAllByTitle": [Function],
  "queryByAltText": [Function],
  "queryByDisplayValue": [Function],
  "queryByLabelText": [Function],
  "queryByPlaceholderText": [Function],
  "queryByRole": [Function],
  "queryByTestId": [Function],
  "queryByText": [Function],
  "queryByTitle": [Function],
  "rerender": [Function],
  "unmount": [Function],
}
`;
